Archive member included to satisfy reference by file (symbol)

i:\F\gary\WCH\CH585EVT\CH585EVT\EVT\EXAM\SRC\StdPeriphDriver\libISP585.a(ISP585.o)
                              ./StdPeriphDriver/CH58x_flash.o (FLASH_EEPROM_CMD)
c:/mounriver/mounriver_studio2/resources/app/resources/win32/components/wch/toolchain/risc-v embedded gcc12/bin/../lib/gcc/riscv-wch-elf/12.2.0/../../../../riscv-wch-elf/lib/rv32imc_zba_zbb_zbc_zbs_xw/ilp32\libprintf.a(wchprintf.o)
                              ./User/app_km.o (printf)
c:/mounriver/mounriver_studio2/resources/app/resources/win32/components/wch/toolchain/risc-v embedded gcc12/bin/../lib/gcc/riscv-wch-elf/12.2.0/rv32imc_zba_zbb_zbc_zbs_xw/ilp32\libgcc.a(_divdi3.o)
                              ./StdPeriphDriver/CH58x_clk.o (__divdi3)
c:/mounriver/mounriver_studio2/resources/app/resources/win32/components/wch/toolchain/risc-v embedded gcc12/bin/../lib/gcc/riscv-wch-elf/12.2.0/rv32imc_zba_zbb_zbc_zbs_xw/ilp32\libgcc.a(save-restore.o)
                              ./User/app_km.o (__riscv_save_12)
c:/mounriver/mounriver_studio2/resources/app/resources/win32/components/wch/toolchain/risc-v embedded gcc12/bin/../lib/gcc/riscv-wch-elf/12.2.0/rv32imc_zba_zbb_zbc_zbs_xw/ilp32\libgcc.a(_clz.o)
                              c:/mounriver/mounriver_studio2/resources/app/resources/win32/components/wch/toolchain/risc-v embedded gcc12/bin/../lib/gcc/riscv-wch-elf/12.2.0/rv32imc_zba_zbb_zbc_zbs_xw/ilp32\libgcc.a(_divdi3.o) (__clz_tab)
c:/mounriver/mounriver_studio2/resources/app/resources/win32/components/wch/toolchain/risc-v embedded gcc12/bin/../lib/gcc/riscv-wch-elf/12.2.0/../../../../riscv-wch-elf/lib/rv32imc_zba_zbb_zbc_zbs_xw/ilp32\libg_nano.a(lib_a-memchr.o)
                              ./User/app_km.o (memchr)
c:/mounriver/mounriver_studio2/resources/app/resources/win32/components/wch/toolchain/risc-v embedded gcc12/bin/../lib/gcc/riscv-wch-elf/12.2.0/../../../../riscv-wch-elf/lib/rv32imc_zba_zbb_zbc_zbs_xw/ilp32\libg_nano.a(lib_a-memcpy-asm.o)
                              ./User/ch585_usbhs_host.o (memcpy)
c:/mounriver/mounriver_studio2/resources/app/resources/win32/components/wch/toolchain/risc-v embedded gcc12/bin/../lib/gcc/riscv-wch-elf/12.2.0/../../../../riscv-wch-elf/lib/rv32imc_zba_zbb_zbc_zbs_xw/ilp32\libg_nano.a(lib_a-memset.o)
                              ./User/app_km.o (memset)
c:/mounriver/mounriver_studio2/resources/app/resources/win32/components/wch/toolchain/risc-v embedded gcc12/bin/../lib/gcc/riscv-wch-elf/12.2.0/../../../../riscv-wch-elf/lib/rv32imc_zba_zbb_zbc_zbs_xw/ilp32\libg_nano.a(lib_a-strlen.o)
                              c:/mounriver/mounriver_studio2/resources/app/resources/win32/components/wch/toolchain/risc-v embedded gcc12/bin/../lib/gcc/riscv-wch-elf/12.2.0/../../../../riscv-wch-elf/lib/rv32imc_zba_zbb_zbc_zbs_xw/ilp32\libprintf.a(wchprintf.o) (strlen)

Discarded input sections

 .text          0x0000000000000000        0x0 ./User/app_km.o
 .data          0x0000000000000000        0x0 ./User/app_km.o
 .bss           0x0000000000000000        0x0 ./User/app_km.o
 .rodata.HUB_Port_PreEnum1.str1.4
                0x0000000000000000       0x4d ./User/app_km.o
 .text.HUB_Port_PreEnum1
                0x0000000000000000       0xe8 ./User/app_km.o
 .rodata.HUB_Port_PreEnum2.str1.4
                0x0000000000000000       0x4c ./User/app_km.o
 .text.HUB_Port_PreEnum2
                0x0000000000000000      0x13a ./User/app_km.o
 .text.HUB_CheckPortSpeed
                0x0000000000000000       0x40 ./User/app_km.o
 .rodata.USBH_EnumHubPortDevice.str1.4
                0x0000000000000000       0x48 ./User/app_km.o
 .text.USBH_EnumHubPortDevice
                0x0000000000000000      0x22c ./User/app_km.o
 .text          0x0000000000000000        0x0 ./User/ch585_usbhs_host.o
 .data          0x0000000000000000        0x0 ./User/ch585_usbhs_host.o
 .bss           0x0000000000000000        0x0 ./User/ch585_usbhs_host.o
 .text.USBHSH_CheckRootHubPortEnable
                0x0000000000000000        0xe ./User/ch585_usbhs_host.o
 .text.USBHSH_SetSelfAddr
                0x0000000000000000        0xe ./User/ch585_usbhs_host.o
 .text          0x0000000000000000        0x0 ./User/main.o
 .data          0x0000000000000000        0x0 ./User/main.o
 .bss           0x0000000000000000        0x0 ./User/main.o
 .text          0x0000000000000000        0x0 ./User/usb_host_hid.o
 .data          0x0000000000000000        0x0 ./User/usb_host_hid.o
 .bss           0x0000000000000000        0x0 ./User/usb_host_hid.o
 .text          0x0000000000000000        0x0 ./User/usb_host_hub.o
 .data          0x0000000000000000        0x0 ./User/usb_host_hub.o
 .bss           0x0000000000000000        0x0 ./User/usb_host_hub.o
 .text.HUB_GetPortStatus
                0x0000000000000000       0x46 ./User/usb_host_hub.o
 .text.HUB_ClearPortFeature
                0x0000000000000000       0x30 ./User/usb_host_hub.o
[...]
Memory Configuration

Name             Origin             Length             Attributes
FLASH            0x0000000000000000 0x0000000000070000 xr
RAM              0x0000000020000000 0x0000000000020000 xrw
*default*        0x0000000000000000 0xffffffffffffffff

Linker script and memory map

LOAD ./User/app_km.o
LOAD ./User/ch585_usbhs_host.o
LOAD ./User/main.o
LOAD ./User/usb_host_hid.o
LOAD ./User/usb_host_hub.o
LOAD ./StdPeriphDriver/CH58x_adc.o
LOAD ./StdPeriphDriver/CH58x_clk.o
LOAD ./StdPeriphDriver/CH58x_flash.o
LOAD ./StdPeriphDriver/CH58x_gpio.o
LOAD ./StdPeriphDriver/CH58x_i2c.o
LOAD ./StdPeriphDriver/CH58x_lcd.o
LOAD ./StdPeriphDriver/CH58x_pwm.o
LOAD ./StdPeriphDriver/CH58x_pwr.o
LOAD ./StdPeriphDriver/CH58x_spi0.o
LOAD ./StdPeriphDriver/CH58x_spi1.o
LOAD ./StdPeriphDriver/CH58x_sys.o
LOAD ./StdPeriphDriver/CH58x_timer0.o
LOAD ./StdPeriphDriver/CH58x_timer1.o
LOAD ./StdPeriphDriver/CH58x_timer2.o
LOAD ./StdPeriphDriver/CH58x_timer3.o
LOAD ./StdPeriphDriver/CH58x_uart0.o
LOAD ./StdPeriphDriver/CH58x_uart1.o
LOAD ./StdPeriphDriver/CH58x_uart2.o
LOAD ./StdPeriphDriver/CH58x_uart3.o
LOAD ./StdPeriphDriver/CH58x_usbdev.o
LOAD ./StdPeriphDriver/CH58x_usbhostBase.o
LOAD ./StdPeriphDriver/CH58x_usbhostClass.o
LOAD ./Startup/startup_CH585.o
LOAD i:\F\gary\WCH\CH585EVT\CH585EVT\EVT\EXAM\SRC\StdPeriphDriver\libISP585.a
LOAD c:/mounriver/mounriver_studio2/resources/app/resources/win32/components/wch/toolchain/risc-v embedded gcc12/bin/../lib/gcc/riscv-wch-elf/12.2.0/../../../../riscv-wch-elf/lib/rv32imc_zba_zbb_zbc_zbs_xw/ilp32\libm_nano.a
LOAD c:/mounriver/mounriver_studio2/resources/app/resources/win32/components/wch/toolchain/risc-v embedded gcc12/bin/../lib/gcc/riscv-wch-elf/12.2.0/../../../../riscv-wch-elf/lib/rv32imc_zba_zbb_zbc_zbs_xw/ilp32\libprintf.a
LOAD c:/mounriver/mounriver_studio2/resources/app/resources/win32/components/wch/toolchain/risc-v embedded gcc12/bin/../lib/gcc/riscv-wch-elf/12.2.0/rv32imc_zba_zbb_zbc_zbs_xw/ilp32\libgcc.a
LOAD c:/mounriver/mounriver_studio2/resources/app/resources/win32/components/wch/toolchain/risc-v embedded gcc12/bin/../lib/gcc/riscv-wch-elf/12.2.0/../../../../riscv-wch-elf/lib/rv32imc_zba_zbb_zbc_zbs_xw/ilp32\libg_nano.a
LOAD c:/mounriver/mounriver_studio2/resources/app/resources/win32/components/wch/toolchain/risc-v embedded gcc12/bin/../lib/gcc/riscv-wch-elf/12.2.0/../../../../riscv-wch-elf/lib/rv32imc_zba_zbb_zbc_zbs_xw/ilp32\libc_nano.a
LOAD c:/mounriver/mounriver_studio2/resources/app/resources/win32/components/wch/toolchain/risc-v embedded gcc12/bin/../lib/gcc/riscv-wch-elf/12.2.0/rv32imc_zba_zbb_zbc_zbs_xw/ilp32\libgcc.a
START GROUP
LOAD c:/mounriver/mounriver_studio2/resources/app/resources/win32/components/wch/toolchain/risc-v embedded gcc12/bin/../lib/gcc/riscv-wch-elf/12.2.0/rv32imc_zba_zbb_zbc_zbs_xw/ilp32\libgcc.a
LOAD c:/mounriver/mounriver_studio2/resources/app/resources/win32/components/wch/toolchain/risc-v embedded gcc12/bin/../lib/gcc/riscv-wch-elf/12.2.0/../../../../riscv-wch-elf/lib/rv32imc_zba_zbb_zbc_zbs_xw/ilp32\libc_nano.a
LOAD c:/mounriver/mounriver_studio2/resources/app/resources/win32/components/wch/toolchain/risc-v embedded gcc12/bin/../lib/gcc/riscv-wch-elf/12.2.0/../../../../riscv-wch-elf/lib/rv32imc_zba_zbb_zbc_zbs_xw/ilp32\libnosys.a
END GROUP
START GROUP
LOAD c:/mounriver/mounriver_studio2/resources/app/resources/win32/components/wch/toolchain/risc-v embedded gcc12/bin/../lib/gcc/riscv-wch-elf/12.2.0/rv32imc_zba_zbb_zbc_zbs_xw/ilp32\libgcc.a
LOAD c:/mounriver/mounriver_studio2/resources/app/resources/win32/components/wch/toolchain/risc-v embedded gcc12/bin/../lib/gcc/riscv-wch-elf/12.2.0/../../../../riscv-wch-elf/lib/rv32imc_zba_zbb_zbc_zbs_xw/ilp32\libc_nano.a
LOAD c:/mounriver/mounriver_studio2/resources/app/resources/win32/components/wch/toolchain/risc-v embedded gcc12/bin/../lib/gcc/riscv-wch-elf/12.2.0/../../../../riscv-wch-elf/lib/rv32imc_zba_zbb_zbc_zbs_xw/ilp32\libnosys.a
END GROUP

.init           0x0000000000000000        0x4
                0x0000000000000000                _sinit = .
                0x0000000000000000                . = ALIGN (0x4)
 *(SORT_NONE(.init))
 .init          0x0000000000000000        0x4 ./Startup/startup_CH585.o
                0x0000000000000000                _start
                0x0000000000000004                . = ALIGN (0x4)
                0x0000000000000004                _einit = .

.highcode_initlalign
                0x0000000000000004        0x0
                0x0000000000000004                . = ALIGN (0x4)
                0x0000000000000004                PROVIDE (_highcode_init_lma = .)

.highcode_init  0x0000000020000000      0x204 load address 0x0000000000000004
                0x0000000020000000                PROVIDE (_highcode_init_vma_start = .)
                0x0000000020000000                . = ALIGN (0x400)
 *(.vector)
 .vector        0x0000000020000000       0xa0 ./Startup/startup_CH585.o
                0x0000000020000000                _vector_base
 *(SORT_NONE(.vector_handler))
 .vector_handler
                0x00000000200000a0        0x2 ./Startup/startup_CH585.o
                0x00000000200000a0                NFC_IRQHandler
                0x00000000200000a0                GPIOB_IRQHandler
                0x00000000200000a0                GPIOA_IRQHandler
                0x00000000200000a0                SysTick_Handler
                0x00000000200000a0                NMI_Handler
                0x00000000200000a0                UART1_IRQHandler
                0x00000000200000a0                UART0_IRQHandler
                0x00000000200000a0                BB_IRQHandler
                0x00000000200000a0                Break_Point_Handler
                0x00000000200000a0                TMR0_IRQHandler
                0x00000000200000a0                Ecall_M_Mode_Handler
                0x00000000200000a0                RTC_IRQHandler
                0x00000000200000a0                LED_IRQHandler
                0x00000000200000a0                UART2_IRQHandler
                0x00000000200000a0                ADC_IRQHandler
                0x00000000200000a0                TMR2_IRQHandler
                0x00000000200000a0                USB_IRQHandler
                0x00000000200000a0                I2C_IRQHandler
                0x00000000200000a0                LLE_IRQHandler
                0x00000000200000a0                WDOG_BAT_IRQHandler
                0x00000000200000a0                Ecall_U_Mode_Handler
                0x00000000200000a0                SW_Handler
                0x00000000200000a0                SPI0_IRQHandler
                0x00000000200000a0                USB2_HOST_IRQHandler
                0x00000000200000a0                PWMX_SPI1_IRQHandler
                0x00000000200000a0                UART3_IRQHandler
                0x00000000200000a0                USB2_DEVICE_IRQHandler
                0x00000000200000a0                TMR1_IRQHandler
 *(.highcode_init)
 .highcode_init
                0x00000000200000a2       0xae ./StdPeriphDriver/CH58x_sys.o
                0x00000000200000a2                highcode_init
 .highcode_init
                0x0000000020000150       0xb2 ./Startup/startup_CH585.o
 *(.highcode_init.*)
                0x0000000020000204                . = ALIGN (0x4)
 *fill*         0x0000000020000202        0x2 
                0x0000000020000204                PROVIDE (_highcode_init_vma_end = .)

.highcodelalign
                0x0000000000000208        0x0
                0x0000000000000208                . = ALIGN (0x4)
                0x0000000000000208                PROVIDE (_highcode_lma = .)

.highcode       0x0000000020000204      0x8e0 load address 0x0000000000000208
                0x0000000020000204                . = ALIGN (0x4)
                0x0000000020000204                PROVIDE (_highcode_vma_start = .)
 *(.highcode)
 .highcode      0x0000000020000204      0x182 ./User/app_km.o
                0x0000000020000204                TMR3_IRQHandler
 .highcode      0x0000000020000386      0x388 ./StdPeriphDriver/CH58x_sys.o
                0x0000000020000386                MachineMode_Call_IRQ
                0x00000000200003a6                SetSysClock
                0x000000002000054e                MachineMode_Call
                0x00000000200005be                SYS_ResetExecute
                0x0000000020000620                SYS_DisableAllIrq
                0x000000002000063c                SYS_RecoverIrq
                0x0000000020000650                HardFault_Handler
                0x00000000200006ce                mDelayuS
                0x00000000200006e4                mDelaymS
                0x0000000020000704                __wrap_memcpy
 *(.highcode.*)
 .highcode.FLASH_ROM_BEG
                0x000000002000070e       0x12 i:\F\gary\WCH\CH585EVT\CH585EVT\EVT\EXAM\SRC\StdPeriphDriver\libISP585.a(ISP585.o)
                0x000000002000070e                FLASH_ROM_BEG
 .highcode.FLASH_ROM_END
                0x0000000020000720        0xe i:\F\gary\WCH\CH585EVT\CH585EVT\EVT\EXAM\SRC\StdPeriphDriver\libISP585.a(ISP585.o)
                0x0000000020000720                FLASH_ROM_END
 .highcode.FLASH_ROM_IN
                0x000000002000072e        0xe i:\F\gary\WCH\CH585EVT\CH585EVT\EVT\EXAM\SRC\StdPeriphDriver\libISP585.a(ISP585.o)
                0x000000002000072e                FLASH_ROM_IN
 .highcode.FLASH_ROM_OUT
                0x000000002000073c        0xe i:\F\gary\WCH\CH585EVT\CH585EVT\EVT\EXAM\SRC\StdPeriphDriver\libISP585.a(ISP585.o)
                0x000000002000073c                FLASH_ROM_OUT
 .highcode.FLASH_ROM_ADDR
                0x000000002000074a       0x48 i:\F\gary\WCH\CH585EVT\CH585EVT\EVT\EXAM\SRC\StdPeriphDriver\libISP585.a(ISP585.o)
                0x000000002000074a                FLASH_ROM_ADDR
 .highcode.FLASH_ROM_WAIT
                0x0000000020000792       0x38 i:\F\gary\WCH\CH585EVT\CH585EVT\EVT\EXAM\SRC\StdPeriphDriver\libISP585.a(ISP585.o)
                0x0000000020000792                FLASH_ROM_WAIT
 .highcode.FLASH_EEPROM_CMD
                0x00000000200007ca      0x318 i:\F\gary\WCH\CH585EVT\CH585EVT\EVT\EXAM\SRC\StdPeriphDriver\libISP585.a(ISP585.o)
                0x00000000200007ca                FLASH_EEPROM_CMD
 *(.highcode_lp)
 *(.highcode_lp.*)
                0x0000000020000ae4                . = ALIGN (0x4)
 *fill*         0x0000000020000ae2        0x2 
                0x0000000020000ae4                PROVIDE (_highcode_vma_end = .)

.text           0x0000000000000ae8     0x257c
                0x0000000000000ae8                . = ALIGN (0x4)
 *(SORT_NONE(.handle_reset))
 .handle_reset  0x0000000000000ae8       0x42 ./Startup/startup_CH585.o
                0x0000000000000ae8                handle_reset
 *(.text)
 .text          0x0000000000000b2a       0x60 c:/mounriver/mounriver_studio2/resources/app/resources/win32/components/wch/toolchain/risc-v embedded gcc12/bin/../lib/gcc/riscv-wch-elf/12.2.0/rv32imc_zba_zbb_zbc_zbs_xw/ilp32\libgcc.a(save-restore.o)
                0x0000000000000b2a                __riscv_save_12
                0x0000000000000b32                __riscv_save_9
                0x0000000000000b32                __riscv_save_11
                0x0000000000000b32                __riscv_save_10
                0x0000000000000b32                __riscv_save_8
                0x0000000000000b40                __riscv_save_4
                0x0000000000000b40                __riscv_save_6
                0x0000000000000b40                __riscv_save_5
                0x0000000000000b40                __riscv_save_7
                0x0000000000000b5a                __riscv_save_3
                0x0000000000000b5a                __riscv_save_2
                0x0000000000000b5a                __riscv_save_1
                0x0000000000000b5a                __riscv_save_0
                0x0000000000000b66                __riscv_restore_12
                0x0000000000000b6a                __riscv_restore_11
                0x0000000000000b6a                __riscv_restore_9
                0x0000000000000b6a                __riscv_restore_10
                0x0000000000000b6a                __riscv_restore_8
                0x0000000000000b74                __riscv_restore_5
                0x0000000000000b74                __riscv_restore_7
                0x0000000000000b74                __riscv_restore_6
                0x0000000000000b74                __riscv_restore_4
                0x0000000000000b7e                __riscv_restore_3
                0x0000000000000b7e                __riscv_restore_0
                0x0000000000000b7e                __riscv_restore_2
                0x0000000000000b7e                __riscv_restore_1
 .text          0x0000000000000b8a       0x16 c:/mounriver/mounriver_studio2/resources/app/resources/win32/components/wch/toolchain/risc-v embedded gcc12/bin/../lib/gcc/riscv-wch-elf/12.2.0/../../../../riscv-wch-elf/lib/rv32imc_zba_zbb_zbc_zbs_xw/ilp32\libg_nano.a(lib_a-memcpy-asm.o)
                0x0000000000000b8a                memcpy
 .text          0x0000000000000ba0       0x10 c:/mounriver/mounriver_studio2/resources/app/resources/win32/components/wch/toolchain/risc-v embedded gcc12/bin/../lib/gcc/riscv-wch-elf/12.2.0/../../../../riscv-wch-elf/lib/rv32imc_zba_zbb_zbc_zbs_xw/ilp32\libg_nano.a(lib_a-memset.o)
                0x0000000000000ba0                memset
 *(.text.*)
 .text.USBH_CheckRootHubPortStatus
                0x0000000000000bb0       0x14 ./User/app_km.o
                0x0000000000000bb0                USBH_CheckRootHubPortStatus
 .text.USBH_ResetRootHubPort
                0x0000000000000bc4        0xe ./User/app_km.o
                0x0000000000000bc4                USBH_ResetRootHubPort
 .text.USBH_EnableRootHubPort
                0x0000000000000bd2       0x14 ./User/app_km.o
                0x0000000000000bd2                USBH_EnableRootHubPort
 .text.USBH_GetDeviceDescr
                0x0000000000000be6       0x1c ./User/app_km.o
                0x0000000000000be6                USBH_GetDeviceDescr
 .text.USBH_SetUsbAddress
                0x0000000000000c02       0x20 ./User/app_km.o
                0x0000000000000c02                USBH_SetUsbAddress
 .text.USBH_GetConfigDescr
                0x0000000000000c22       0x1e ./User/app_km.o
                0x0000000000000c22                USBH_GetConfigDescr
 .text.USBH_AnalyseType
                0x0000000000000c40       0x42 ./User/app_km.o
                0x0000000000000c40                USBH_AnalyseType
 .text.USBH_SetUsbConfig
                0x0000000000000c82       0x14 ./User/app_km.o
                0x0000000000000c82                USBH_SetUsbConfig
 .text.USBH_GetStrDescr
                0x0000000000000c96       0x18 ./User/app_km.o
                0x0000000000000c96                USBH_GetStrDescr
 .text.USBH_GetHidData
                0x0000000000000cae       0x5c ./User/app_km.o
                0x0000000000000cae                USBH_GetHidData
 .text.USBH_SendHidData
                0x0000000000000d0a       0x5c ./User/app_km.o
                0x0000000000000d0a                USBH_SendHidData
 .text.USBH_ClearEndpStall
                0x0000000000000d66       0x14 ./User/app_km.o
                0x0000000000000d66                USBH_ClearEndpStall
 .text.USBH_EnumRootDevice
                0x0000000000000d7a      0x1da ./User/app_km.o
                0x0000000000000d7a                USBH_EnumRootDevice
 .text.KM_AnalyzeConfigDesc
                0x0000000000000f54      0x22e ./User/app_km.o
                0x0000000000000f54                KM_AnalyzeConfigDesc
 .text.KM_AnalyzeHidReportDesc
                0x0000000000001182      0x1b6 ./User/app_km.o
                0x0000000000001182                KM_AnalyzeHidReportDesc
 .text.KM_DealHidReportDesc
                0x0000000000001338       0xf8 ./User/app_km.o
                0x0000000000001338                KM_DealHidReportDesc
 .text.HUB_AnalyzeConfigDesc
                0x0000000000001430       0xb8 ./User/app_km.o
                0x0000000000001430                HUB_AnalyzeConfigDesc
 .text.USBH_EnumHubDevice
                0x00000000000014e8      0x292 ./User/app_km.o
                0x00000000000014e8                USBH_EnumHubDevice
 .text.KB_AnalyzeKeyValue
                0x000000000000177a       0x92 ./User/app_km.o
                0x000000000000177a                KB_AnalyzeKeyValue
 .text.KB_SetReport
                0x000000000000180c       0x94 ./User/app_km.o
                0x000000000000180c                KB_SetReport
 .text.USBH_EnumHidDevice
                0x00000000000018a0      0x208 ./User/app_km.o
                0x00000000000018a0                USBH_EnumHidDevice
 .text.USBH_MainDeal
                0x0000000000001aa8      0x310 ./User/app_km.o
                0x0000000000001aa8                USBH_MainDeal
 .text.USBHS_Host_Init
                0x0000000000001db8       0x7e ./User/ch585_usbhs_host.o
                0x0000000000001db8                USBHS_Host_Init
 .text.USBHSH_CheckRootHubPortStatus
                0x0000000000001e36       0x38 ./User/ch585_usbhs_host.o
                0x0000000000001e36                USBHSH_CheckRootHubPortStatus
 .text.USBHSH_CheckRootHubPortSpeed
                0x0000000000001e6e       0x2a ./User/ch585_usbhs_host.o
                0x0000000000001e6e                USBHSH_CheckRootHubPortSpeed
 .text.USBHSH_ResetRootHubPort
                0x0000000000001e98       0x60 ./User/ch585_usbhs_host.o
                0x0000000000001e98                USBHSH_ResetRootHubPort
 .text.USBHSH_EnableRootHubPort
                0x0000000000001ef8       0x4e ./User/ch585_usbhs_host.o
                0x0000000000001ef8                USBHSH_EnableRootHubPort
 .text.USBHSH_Transact
                0x0000000000001f46      0x174 ./User/ch585_usbhs_host.o
                0x0000000000001f46                USBHSH_Transact
 .text.USBHSH_CtrlTransfer
                0x00000000000020ba      0x1bc ./User/ch585_usbhs_host.o
                0x00000000000020ba                USBHSH_CtrlTransfer
 .text.USBHSH_GetDeviceDescr
                0x0000000000002276       0x44 ./User/ch585_usbhs_host.o
                0x0000000000002276                USBHSH_GetDeviceDescr
 .text.USBHSH_GetConfigDescr
                0x00000000000022ba       0x62 ./User/ch585_usbhs_host.o
                0x00000000000022ba                USBHSH_GetConfigDescr
 .text.USBHSH_GetStrDescr
                0x000000000000231c       0x5e ./User/ch585_usbhs_host.o
                0x000000000000231c                USBHSH_GetStrDescr
 .text.USBHSH_SetUsbAddress
                0x000000000000237a       0x40 ./User/ch585_usbhs_host.o
                0x000000000000237a                USBHSH_SetUsbAddress
 .text.USBHSH_SetUsbConfig
                0x00000000000023ba       0x1c ./User/ch585_usbhs_host.o
                0x00000000000023ba                USBHSH_SetUsbConfig
 .text.USBHSH_ClearEndpStall
                0x00000000000023d6       0x1a ./User/ch585_usbhs_host.o
                0x00000000000023d6                USBHSH_ClearEndpStall
 .text.USBHSH_GetEndpData
                0x00000000000023f0       0x4c ./User/ch585_usbhs_host.o
                0x00000000000023f0                USBHSH_GetEndpData
 .text.USBHSH_SendEndpData
                0x000000000000243c       0x44 ./User/ch585_usbhs_host.o
                0x000000000000243c                USBHSH_SendEndpData
 .text.DebugInit
                0x0000000000002480       0x26 ./User/main.o
                0x0000000000002480                DebugInit
 .text.startup.main
                0x00000000000024a6       0x64 ./User/main.o
                0x00000000000024a6                main
 .text.HID_GetHidDesr
                0x000000000000250a       0x36 ./User/usb_host_hid.o
                0x000000000000250a                HID_GetHidDesr
 .text.HID_SetReport
                0x0000000000002540       0x32 ./User/usb_host_hid.o
                0x0000000000002540                HID_SetReport
 .text.HID_SetIdle
                0x0000000000002572       0x32 ./User/usb_host_hid.o
                0x0000000000002572                HID_SetIdle
 .text.HUB_SetPortFeature
                0x00000000000025a4       0x2c ./User/usb_host_hub.o
                0x00000000000025a4                HUB_SetPortFeature
 .text.HUB_GetClassDevDescr
                0x00000000000025d0       0x52 ./User/usb_host_hub.o
                0x00000000000025d0                HUB_GetClassDevDescr
 .text.GPIOA_ModeCfg
                0x0000000000002622       0x7e ./StdPeriphDriver/CH58x_gpio.o
                0x0000000000002622                GPIOA_ModeCfg
 .text.GPIOPinRemap
                0x00000000000026a0       0x1c ./StdPeriphDriver/CH58x_gpio.o
                0x00000000000026a0                GPIOPinRemap
 .text.GetSysClock
                0x00000000000026bc       0x74 ./StdPeriphDriver/CH58x_sys.o
                0x00000000000026bc                GetSysClock
 .text._write   0x0000000000002730       0x22 ./StdPeriphDriver/CH58x_sys.o
                0x0000000000002730                _write
 .text.TMR3_TimerInit
                0x0000000000002752       0x18 ./StdPeriphDriver/CH58x_timer3.o
                0x0000000000002752                TMR3_TimerInit
 .text.UART0_BaudRateCfg
                0x000000000000276a       0x28 ./StdPeriphDriver/CH58x_uart0.o
                0x000000000000276a                UART0_BaudRateCfg
 .text.UART0_DefInit
                0x0000000000002792       0x28 ./StdPeriphDriver/CH58x_uart0.o
                0x0000000000002792                UART0_DefInit
 .text.printchar
                0x00000000000027ba       0x48 c:/mounriver/mounriver_studio2/resources/app/resources/win32/components/wch/toolchain/risc-v embedded gcc12/bin/../lib/gcc/riscv-wch-elf/12.2.0/../../../../riscv-wch-elf/lib/rv32imc_zba_zbb_zbc_zbs_xw/ilp32\libprintf.a(wchprintf.o)
                0x00000000000027ba                printchar
 .text.prints   0x0000000000002802       0xe0 c:/mounriver/mounriver_studio2/resources/app/resources/win32/components/wch/toolchain/risc-v embedded gcc12/bin/../lib/gcc/riscv-wch-elf/12.2.0/../../../../riscv-wch-elf/lib/rv32imc_zba_zbb_zbc_zbs_xw/ilp32\libprintf.a(wchprintf.o)
                0x0000000000002802                prints
 .text.printInt
                0x00000000000028e2       0xe8 c:/mounriver/mounriver_studio2/resources/app/resources/win32/components/wch/toolchain/risc-v embedded gcc12/bin/../lib/gcc/riscv-wch-elf/12.2.0/../../../../riscv-wch-elf/lib/rv32imc_zba_zbb_zbc_zbs_xw/ilp32\libprintf.a(wchprintf.o)
                0x00000000000028e2                printInt
 .text.printLongLongInt
                0x00000000000029ca        0x4 c:/mounriver/mounriver_studio2/resources/app/resources/win32/components/wch/toolchain/risc-v embedded gcc12/bin/../lib/gcc/riscv-wch-elf/12.2.0/../../../../riscv-wch-elf/lib/rv32imc_zba_zbb_zbc_zbs_xw/ilp32\libprintf.a(wchprintf.o)
                0x00000000000029ca                printLongLongInt
 .text.printDouble
                0x00000000000029ce        0x4 c:/mounriver/mounriver_studio2/resources/app/resources/win32/components/wch/toolchain/risc-v embedded gcc12/bin/../lib/gcc/riscv-wch-elf/12.2.0/../../../../riscv-wch-elf/lib/rv32imc_zba_zbb_zbc_zbs_xw/ilp32\libprintf.a(wchprintf.o)
                0x00000000000029ce                printDouble
 .text.print    0x00000000000029d2      0x35a c:/mounriver/mounriver_studio2/resources/app/resources/win32/components/wch/toolchain/risc-v embedded gcc12/bin/../lib/gcc/riscv-wch-elf/12.2.0/../../../../riscv-wch-elf/lib/rv32imc_zba_zbb_zbc_zbs_xw/ilp32\libprintf.a(wchprintf.o)
                0x00000000000029d2                print
 .text.printf   0x0000000000002d2c       0x24 c:/mounriver/mounriver_studio2/resources/app/resources/win32/components/wch/toolchain/risc-v embedded gcc12/bin/../lib/gcc/riscv-wch-elf/12.2.0/../../../../riscv-wch-elf/lib/rv32imc_zba_zbb_zbc_zbs_xw/ilp32\libprintf.a(wchprintf.o)
                0x0000000000002d2c                printf
 .text.puts     0x0000000000002d50       0x48 c:/mounriver/mounriver_studio2/resources/app/resources/win32/components/wch/toolchain/risc-v embedded gcc12/bin/../lib/gcc/riscv-wch-elf/12.2.0/../../../../riscv-wch-elf/lib/rv32imc_zba_zbb_zbc_zbs_xw/ilp32\libprintf.a(wchprintf.o)
                0x0000000000002d50                puts
 .text.memchr   0x0000000000002d98       0x18 c:/mounriver/mounriver_studio2/resources/app/resources/win32/components/wch/toolchain/risc-v embedded gcc12/bin/../lib/gcc/riscv-wch-elf/12.2.0/../../../../riscv-wch-elf/lib/rv32imc_zba_zbb_zbc_zbs_xw/ilp32\libg_nano.a(lib_a-memchr.o)
                0x0000000000002d98                memchr
 .text.strlen   0x0000000000002db0       0x10 c:/mounriver/mounriver_studio2/resources/app/resources/win32/components/wch/toolchain/risc-v embedded gcc12/bin/../lib/gcc/riscv-wch-elf/12.2.0/../../../../riscv-wch-elf/lib/rv32imc_zba_zbb_zbc_zbs_xw/ilp32\libg_nano.a(lib_a-strlen.o)
                0x0000000000002db0                strlen
 *(.rodata)
 *(.rodata*)
 .rodata.USBH_EnumRootDevice.str1.4
                0x0000000000002dc0       0x6a ./User/app_km.o
                                         0x6e (size before relaxing)
 *fill*         0x0000000000002e2a        0x2 
 .rodata.KM_DealHidReportDesc.str1.4
                0x0000000000002e2c       0x1a ./User/app_km.o
 *fill*         0x0000000000002e46        0x2 
 .rodata.USBH_EnumHubDevice.str1.4
                0x0000000000002e48       0xa4 ./User/app_km.o
 .rodata.USBH_EnumHidDevice.str1.4
                0x0000000000002eec        0xb ./User/app_km.o
 *fill*         0x0000000000002ef7        0x1 
 .rodata.USBH_MainDeal.str1.4
                0x0000000000002ef8       0xe2 ./User/app_km.o
 *fill*         0x0000000000002fda        0x2 
 .rodata.main.str1.4
                0x0000000000002fdc       0x11 ./User/main.o
 *fill*         0x0000000000002fed        0x3 
 .rodata.GPIOA_ModeCfg
                0x0000000000002ff0       0x14 ./StdPeriphDriver/CH58x_gpio.o
 .rodata.print.str1.4
                0x0000000000003004        0x7 c:/mounriver/mounriver_studio2/resources/app/resources/win32/components/wch/toolchain/risc-v embedded gcc12/bin/../lib/gcc/riscv-wch-elf/12.2.0/../../../../riscv-wch-elf/lib/rv32imc_zba_zbb_zbc_zbs_xw/ilp32\libprintf.a(wchprintf.o)
 *fill*         0x000000000000300b        0x1 
 .rodata.print  0x000000000000300c       0x58 c:/mounriver/mounriver_studio2/resources/app/resources/win32/components/wch/toolchain/risc-v embedded gcc12/bin/../lib/gcc/riscv-wch-elf/12.2.0/../../../../riscv-wch-elf/lib/rv32imc_zba_zbb_zbc_zbs_xw/ilp32\libprintf.a(wchprintf.o)
 *(.sdata2.*)
 *(.glue_7)
 *(.glue_7t)
 *(.gnu.linkonce.t.*)
                0x0000000000003064                . = ALIGN (0x4)

.rela.dyn       0x0000000000003064        0x0
 .rela.init     0x0000000000003064        0x0 ./User/app_km.o
 .rela.vector   0x0000000000003064        0x0 ./User/app_km.o
 .rela.handle_reset
                0x0000000000003064        0x0 ./User/app_km.o
 .rela.highcode_init
                0x0000000000003064        0x0 ./User/app_km.o

.fini           0x0000000000003064        0x0
 *(SORT_NONE(.fini))
                0x0000000000003064                . = ALIGN (0x4)
                [!provide]                        PROVIDE (_etext = .)
                [!provide]                        PROVIDE (_eitcm = .)

.preinit_array  0x0000000000003064        0x0
                [!provide]                        PROVIDE (__preinit_array_start = .)
 *(.preinit_array)
                [!provide]                        PROVIDE (__preinit_array_end = .)

.init_array     0x0000000000003064        0x0
                [!provide]                        PROVIDE (__init_array_start = .)
 *(SORT_BY_INIT_PRIORITY(.init_array.*) SORT_BY_INIT_PRIORITY(.ctors.*))
 *(.init_array EXCLUDE_FILE(*crtend?.o *crtend.o *crtbegin?.o *crtbegin.o) .ctors)
                [!provide]                        PROVIDE (__init_array_end = .)

.fini_array     0x0000000000003064        0x0
                [!provide]                        PROVIDE (__fini_array_start = .)
 *(SORT_BY_INIT_PRIORITY(.fini_array.*) SORT_BY_INIT_PRIORITY(.dtors.*))
 *(.fini_array EXCLUDE_FILE(*crtend?.o *crtend.o *crtbegin?.o *crtbegin.o) .dtors)
                [!provide]                        PROVIDE (__fini_array_end = .)

.ctors
 *crtbegin.o(.ctors)
 *crtbegin?.o(.ctors)
 *(EXCLUDE_FILE(*crtend?.o *crtend.o) .ctors)
 *(SORT_BY_NAME(.ctors.*))
 *(.ctors)

.dtors
 *crtbegin.o(.dtors)
 *crtbegin?.o(.dtors)
 *(EXCLUDE_FILE(*crtend?.o *crtend.o) .dtors)
 *(SORT_BY_NAME(.dtors.*))
 *(.dtors)

.dlalign        0x0000000000003064        0x0
                0x0000000000003064                . = ALIGN (0x4)
                0x0000000000003064                PROVIDE (_data_lma = .)

.data           0x0000000020000ae4        0x4 load address 0x0000000000003064
                0x0000000020000ae4                . = ALIGN (0x4)
                0x0000000020000ae4                PROVIDE (_data_vma = .)
 *(.gnu.linkonce.r.*)
 *(.data .data.*)
 *(.gnu.linkonce.d.*)
                0x0000000020000ae8                . = ALIGN (0x8)
 *fill*         0x0000000020000ae4        0x4 
                0x00000000200012e8                PROVIDE (__global_pointer$ = (. + 0x800))
 *(.sdata .sdata.*)
 *(.gnu.linkonce.s.*)
                0x0000000020000ae8                . = ALIGN (0x8)
 *(.srodata.cst16)
 *(.srodata.cst8)
 *(.srodata.cst4)
 *(.srodata.cst2)
 *(.srodata .srodata.*)
                0x0000000020000ae8                . = ALIGN (0x4)
                0x0000000020000ae8                PROVIDE (_edata = .)

.bss            0x0000000020000ae8     0x1080 load address 0x0000000000003064
                0x0000000020000ae8                . = ALIGN (0x4)
                0x0000000020000ae8                PROVIDE (_sbss = .)
 *(.sbss*)
 .sbss.chip_info
                0x0000000020000ae8        0x4 ./StdPeriphDriver/CH58x_sys.o
                0x0000000020000ae8                chip_info
 .sbss.gs_machine_mode_func
                0x0000000020000aec        0x4 ./StdPeriphDriver/CH58x_sys.o
                0x0000000020000aec                gs_machine_mode_func
 *(.gnu.linkonce.sb.*)
 *(.bss*)
 .bss.HostCtl   0x0000000020000af0      0xba4 ./User/app_km.o
                0x0000000020000af0                HostCtl
 .bss.RootHubDev
                0x0000000020001694       0x3e ./User/app_km.o
                0x0000000020001694                RootHubDev
 *fill*         0x00000000200016d2        0x2 
 .bss.Com_Buf   0x00000000200016d4      0x400 ./User/app_km.o
                0x00000000200016d4                Com_Buf
 .bss.DevDesc_Buf
                0x0000000020001ad4       0x12 ./User/app_km.o
                0x0000000020001ad4                DevDesc_Buf
 *fill*         0x0000000020001ae6        0x2 
 .bss.TxBuffer  0x0000000020001ae8       0x40 ./User/ch585_usbhs_host.o
                0x0000000020001ae8                TxBuffer
 .bss.RxBuffer  0x0000000020001b28       0x40 ./User/ch585_usbhs_host.o
                0x0000000020001b28                RxBuffer
 *(.gnu.linkonce.b.*)
 *(COMMON*)
                0x0000000020001b68                . = ALIGN (0x4)
                0x0000000020001b68                PROVIDE (_ebss = .)
                0x0000000020001b68                PROVIDE (_end = _ebss)
                [!provide]                        PROVIDE (end = .)

.stack          0x0000000020020000        0x0
                0x0000000020020000                . = ALIGN (0x4)
                0x0000000020020000                PROVIDE (_eusrstack = .)
OUTPUT(HOST_KM.elf elf32-littleriscv)

.debug_info     0x0000000000000000     0x6257
 .debug_info    0x0000000000000000     0x29e9 ./User/app_km.o
 .debug_info    0x00000000000029e9      0xd22 ./User/ch585_usbhs_host.o
 .debug_info    0x000000000000370b      0xa6b ./User/main.o
 .debug_info    0x0000000000004176      0x3ac ./User/usb_host_hid.o
 .debug_info    0x0000000000004522      0x42a ./User/usb_host_hub.o
 .debug_info    0x000000000000494c      0x305 ./StdPeriphDriver/CH58x_gpio.o
 .debug_info    0x0000000000004c51     0x10ec ./StdPeriphDriver/CH58x_sys.o
 .debug_info    0x0000000000005d3d      0x272 ./StdPeriphDriver/CH58x_timer3.o
 .debug_info    0x0000000000005faf      0x285 ./StdPeriphDriver/CH58x_uart0.o
 .debug_info    0x0000000000006234       0x23 ./Startup/startup_CH585.o

.debug_abbrev   0x0000000000000000     0x1571
 .debug_abbrev  0x0000000000000000      0x41a ./User/app_km.o
 .debug_abbrev  0x000000000000041a      0x387 ./User/ch585_usbhs_host.o
 .debug_abbrev  0x00000000000007a1      0x258 ./User/main.o
 .debug_abbrev  0x00000000000009f9      0x151 ./User/usb_host_hid.o
 .debug_abbrev  0x0000000000000b4a      0x176 ./User/usb_host_hub.o
 .debug_abbrev  0x0000000000000cc0      0x13a ./StdPeriphDriver/CH58x_gpio.o
 .debug_abbrev  0x0000000000000dfa      0x544 ./StdPeriphDriver/CH58x_sys.o
 .debug_abbrev  0x000000000000133e       0xd5 ./StdPeriphDriver/CH58x_timer3.o
 .debug_abbrev  0x0000000000001413      0x14c ./StdPeriphDriver/CH58x_uart0.o
 .debug_abbrev  0x000000000000155f       0x12 ./Startup/startup_CH585.o

.debug_loclists
                0x0000000000000000     0x2e40
 .debug_loclists
                0x0000000000000000     0x18fe ./User/app_km.o
 .debug_loclists
                0x00000000000018fe      0x6f1 ./User/ch585_usbhs_host.o
 .debug_loclists
                0x0000000000001fef       0x1a ./User/main.o
 .debug_loclists
                0x0000000000002009      0x2a1 ./User/usb_host_hid.o
 .debug_loclists
                0x00000000000022aa      0x310 ./User/usb_host_hub.o
 .debug_loclists
                0x00000000000025ba      0x151 ./StdPeriphDriver/CH58x_gpio.o
 .debug_loclists
                0x000000000000270b      0x50e ./StdPeriphDriver/CH58x_sys.o
 .debug_loclists
                0x0000000000002c19       0xc2 ./StdPeriphDriver/CH58x_timer3.o
 .debug_loclists
                0x0000000000002cdb      0x165 ./StdPeriphDriver/CH58x_uart0.o

.debug_aranges  0x0000000000000000      0x430
 .debug_aranges
                0x0000000000000000       0xf0 ./User/app_km.o
 .debug_aranges
                0x00000000000000f0       0xa0 ./User/ch585_usbhs_host.o
 .debug_aranges
                0x0000000000000190       0x28 ./User/main.o
 .debug_aranges
                0x00000000000001b8       0x30 ./User/usb_host_hid.o
 .debug_aranges
                0x00000000000001e8       0x38 ./User/usb_host_hub.o
 .debug_aranges
                0x0000000000000220       0x58 ./StdPeriphDriver/CH58x_gpio.o
 .debug_aranges
                0x0000000000000278       0xf0 ./StdPeriphDriver/CH58x_sys.o
 .debug_aranges
                0x0000000000000368       0x40 ./StdPeriphDriver/CH58x_timer3.o
 .debug_aranges
                0x00000000000003a8       0x50 ./StdPeriphDriver/CH58x_uart0.o
 .debug_aranges
                0x00000000000003f8       0x38 ./Startup/startup_CH585.o

.debug_rnglists
                0x0000000000000000      0x4d3
 .debug_rnglists
                0x0000000000000000      0x12f ./User/app_km.o
 .debug_rnglists
                0x000000000000012f       0xb9 ./User/ch585_usbhs_host.o
 .debug_rnglists
                0x00000000000001e8       0x1f ./User/main.o
 .debug_rnglists
                0x0000000000000207       0x28 ./User/usb_host_hid.o
 .debug_rnglists
                0x000000000000022f       0x31 ./User/usb_host_hub.o
 .debug_rnglists
                0x0000000000000260       0x55 ./StdPeriphDriver/CH58x_gpio.o
 .debug_rnglists
                0x00000000000002b5      0x172 ./StdPeriphDriver/CH58x_sys.o
 .debug_rnglists
                0x0000000000000427       0x3a ./StdPeriphDriver/CH58x_timer3.o
 .debug_rnglists
                0x0000000000000461       0x4c ./StdPeriphDriver/CH58x_uart0.o
 .debug_rnglists
                0x00000000000004ad       0x26 ./Startup/startup_CH585.o

.debug_line     0x0000000000000000     0x6d2c
 .debug_line    0x0000000000000000     0x3072 ./User/app_km.o
 .debug_line    0x0000000000003072     0x1310 ./User/ch585_usbhs_host.o
 .debug_line    0x0000000000004382      0x174 ./User/main.o
 .debug_line    0x00000000000044f6      0x1fa ./User/usb_host_hid.o
 .debug_line    0x00000000000046f0      0x2f4 ./User/usb_host_hub.o
 .debug_line    0x00000000000049e4      0x5fa ./StdPeriphDriver/CH58x_gpio.o
 .debug_line    0x0000000000004fde     0x15dd ./StdPeriphDriver/CH58x_sys.o
 .debug_line    0x00000000000065bb      0x28d ./StdPeriphDriver/CH58x_timer3.o
 .debug_line    0x0000000000006848      0x33b ./StdPeriphDriver/CH58x_uart0.o
 .debug_line    0x0000000000006b83      0x1a9 ./Startup/startup_CH585.o

.debug_str      0x0000000000000000     0x1a03
 .debug_str     0x0000000000000000      0xb8f ./User/app_km.o
                                        0xc96 (size before relaxing)
 .debug_str     0x0000000000000b8f      0x20d ./User/ch585_usbhs_host.o
                                        0x6dc (size before relaxing)
 .debug_str     0x0000000000000d9c      0x559 ./User/main.o
                                        0x9c3 (size before relaxing)
 .debug_str     0x00000000000012f5       0x12 ./User/usb_host_hid.o
                                        0x2dd (size before relaxing)
 .debug_str     0x0000000000001307       0x16 ./User/usb_host_hub.o
                                        0x2fe (size before relaxing)
 .debug_str     0x000000000000131d       0xd8 ./StdPeriphDriver/CH58x_gpio.o
                                        0x32a (size before relaxing)
 .debug_str     0x00000000000013f5      0x390 ./StdPeriphDriver/CH58x_sys.o
                                        0xa48 (size before relaxing)
 .debug_str     0x0000000000001785      0x132 ./StdPeriphDriver/CH58x_timer3.o
                                        0x2f4 (size before relaxing)
 .debug_str     0x00000000000018b7       0xbc ./StdPeriphDriver/CH58x_uart0.o
                                        0x2ad (size before relaxing)
 .debug_str     0x0000000000001973       0x90 ./Startup/startup_CH585.o

.debug_line_str
                0x0000000000000000      0x5fc
 .debug_line_str
                0x0000000000000000      0x3a0 ./User/app_km.o
                                        0x3f1 (size before relaxing)
 .debug_line_str
                0x00000000000003a0       0x1b ./User/ch585_usbhs_host.o
                                        0x3ec (size before relaxing)
 .debug_line_str
                0x00000000000003bb       0x43 ./User/main.o
                                        0x417 (size before relaxing)
 .debug_line_str
                0x00000000000003fe       0x17 ./User/usb_host_hid.o
                                        0x263 (size before relaxing)
 .debug_line_str
                0x0000000000000415       0x17 ./User/usb_host_hub.o
                                        0x263 (size before relaxing)
 .debug_line_str
                0x000000000000042c       0x87 ./StdPeriphDriver/CH58x_gpio.o
                                        0x2e4 (size before relaxing)
 .debug_line_str
                0x00000000000004b3       0x61 ./StdPeriphDriver/CH58x_sys.o
                                        0x39e (size before relaxing)
 .debug_line_str
                0x0000000000000514       0x58 ./StdPeriphDriver/CH58x_timer3.o
                                        0x2f7 (size before relaxing)
 .debug_line_str
                0x000000000000056c       0x4b ./StdPeriphDriver/CH58x_uart0.o
                                        0x2f3 (size before relaxing)
 .debug_line_str
                0x00000000000005b7       0x45 ./Startup/startup_CH585.o
                                         0x94 (size before relaxing)

.comment        0x0000000000000000       0x64
 .comment       0x0000000000000000       0x31 ./User/app_km.o
                                         0x32 (size before relaxing)
 .comment       0x0000000000000031       0x32 ./User/ch585_usbhs_host.o
 .comment       0x0000000000000031       0x32 ./User/main.o
 .comment       0x0000000000000031       0x32 ./User/usb_host_hid.o
 .comment       0x0000000000000031       0x32 ./User/usb_host_hub.o
 .comment       0x0000000000000031       0x32 ./StdPeriphDriver/CH58x_gpio.o
 .comment       0x0000000000000031       0x32 ./StdPeriphDriver/CH58x_sys.o
 .comment       0x0000000000000031       0x32 ./StdPeriphDriver/CH58x_timer3.o
 .comment       0x0000000000000031       0x32 ./StdPeriphDriver/CH58x_uart0.o
 .comment       0x0000000000000031       0x33 i:\F\gary\WCH\CH585EVT\CH585EVT\EVT\EXAM\SRC\StdPeriphDriver\libISP585.a(ISP585.o)
                                         0x34 (size before relaxing)
 .comment       0x0000000000000064       0x32 c:/mounriver/mounriver_studio2/resources/app/resources/win32/components/wch/toolchain/risc-v embedded gcc12/bin/../lib/gcc/riscv-wch-elf/12.2.0/../../../../riscv-wch-elf/lib/rv32imc_zba_zbb_zbc_zbs_xw/ilp32\libprintf.a(wchprintf.o)
 .comment       0x0000000000000064       0x32 c:/mounriver/mounriver_studio2/resources/app/resources/win32/components/wch/toolchain/risc-v embedded gcc12/bin/../lib/gcc/riscv-wch-elf/12.2.0/../../../../riscv-wch-elf/lib/rv32imc_zba_zbb_zbc_zbs_xw/ilp32\libg_nano.a(lib_a-memchr.o)
 .comment       0x0000000000000064       0x32 c:/mounriver/mounriver_studio2/resources/app/resources/win32/components/wch/toolchain/risc-v embedded gcc12/bin/../lib/gcc/riscv-wch-elf/12.2.0/../../../../riscv-wch-elf/lib/rv32imc_zba_zbb_zbc_zbs_xw/ilp32\libg_nano.a(lib_a-strlen.o)

.riscv.attributes
                0x0000000000000000       0x51
 .riscv.attributes
                0x0000000000000000       0x51 ./User/app_km.o
 .riscv.attributes
                0x0000000000000051       0x51 ./User/ch585_usbhs_host.o
 .riscv.attributes
                0x00000000000000a2       0x51 ./User/main.o
 .riscv.attributes
                0x00000000000000f3       0x51 ./User/usb_host_hid.o
 .riscv.attributes
                0x0000000000000144       0x51 ./User/usb_host_hub.o
 .riscv.attributes
                0x0000000000000195       0x51 ./StdPeriphDriver/CH58x_gpio.o
 .riscv.attributes
                0x00000000000001e6       0x51 ./StdPeriphDriver/CH58x_sys.o
 .riscv.attributes
                0x0000000000000237       0x51 ./StdPeriphDriver/CH58x_timer3.o
 .riscv.attributes
                0x0000000000000288       0x51 ./StdPeriphDriver/CH58x_uart0.o
 .riscv.attributes
                0x00000000000002d9       0x4f ./Startup/startup_CH585.o
 .riscv.attributes
                0x0000000000000328       0x51 c:/mounriver/mounriver_studio2/resources/app/resources/win32/components/wch/toolchain/risc-v embedded gcc12/bin/../lib/gcc/riscv-wch-elf/12.2.0/../../../../riscv-wch-elf/lib/rv32imc_zba_zbb_zbc_zbs_xw/ilp32\libprintf.a(wchprintf.o)
 .riscv.attributes
                0x0000000000000379       0x4f c:/mounriver/mounriver_studio2/resources/app/resources/win32/components/wch/toolchain/risc-v embedded gcc12/bin/../lib/gcc/riscv-wch-elf/12.2.0/rv32imc_zba_zbb_zbc_zbs_xw/ilp32\libgcc.a(save-restore.o)
 .riscv.attributes
                0x00000000000003c8       0x51 c:/mounriver/mounriver_studio2/resources/app/resources/win32/components/wch/toolchain/risc-v embedded gcc12/bin/../lib/gcc/riscv-wch-elf/12.2.0/../../../../riscv-wch-elf/lib/rv32imc_zba_zbb_zbc_zbs_xw/ilp32\libg_nano.a(lib_a-memchr.o)
 .riscv.attributes
                0x0000000000000419       0x4f c:/mounriver/mounriver_studio2/resources/app/resources/win32/components/wch/toolchain/risc-v embedded gcc12/bin/../lib/gcc/riscv-wch-elf/12.2.0/../../../../riscv-wch-elf/lib/rv32imc_zba_zbb_zbc_zbs_xw/ilp32\libg_nano.a(lib_a-memcpy-asm.o)
 .riscv.attributes
                0x0000000000000468       0x4f c:/mounriver/mounriver_studio2/resources/app/resources/win32/components/wch/toolchain/risc-v embedded gcc12/bin/../lib/gcc/riscv-wch-elf/12.2.0/../../../../riscv-wch-elf/lib/rv32imc_zba_zbb_zbc_zbs_xw/ilp32\libg_nano.a(lib_a-memset.o)
 .riscv.attributes
                0x00000000000004b7       0x51 c:/mounriver/mounriver_studio2/resources/app/resources/win32/components/wch/toolchain/risc-v embedded gcc12/bin/../lib/gcc/riscv-wch-elf/12.2.0/../../../../riscv-wch-elf/lib/rv32imc_zba_zbb_zbc_zbs_xw/ilp32\libg_nano.a(lib_a-strlen.o)

.debug_frame    0x0000000000000000      0xb0c
 .debug_frame   0x0000000000000000      0x420 ./User/app_km.o
 .debug_frame   0x0000000000000420      0x234 ./User/ch585_usbhs_host.o
 .debug_frame   0x0000000000000654       0x44 ./User/main.o
 .debug_frame   0x0000000000000698       0x40 ./User/usb_host_hid.o
 .debug_frame   0x00000000000006d8       0x7c ./User/usb_host_hub.o
 .debug_frame   0x0000000000000754       0x90 ./StdPeriphDriver/CH58x_gpio.o
 .debug_frame   0x00000000000007e4      0x230 ./StdPeriphDriver/CH58x_sys.o
 .debug_frame   0x0000000000000a14       0x60 ./StdPeriphDriver/CH58x_timer3.o
 .debug_frame   0x0000000000000a74       0x98 ./StdPeriphDriver/CH58x_uart0.o
